// Jest Snapshot v1, https://goo.gl/fbAQLP

exports[`DetailsScreen snapshot renders the DetailsScreen 1`] = `
<View
  style={
    Object {
      "backgroundColor": "#fff",
      "flex": 1,
    }
  }
>
  <View
    style={
      Object {
        "alignItems": "center",
        "flexGrow": 1,
        "justifyContent": "center",
      }
    }
  >
    <Image
      resizeMode="contain"
      source={1}
      style={
        Object {
          "height": 100,
          "position": "absolute",
          "width": 300,
        }
      }
    />
  </View>
</View>
`;
